Test 0: 8
  [-52678276.000000  -50929112.000000  26936116.000000  30915924.000000  8581497.000000  8740041.000000  -63458432.000000  88785928.000000  110989528.000000  -54852728.000000  ]
