Test 0: 8
  [-177170448.000000  -154098512.000000  -176084992.000000  -234627216.000000  56685044.000000  -150321968.000000  -14080065.000000  55932492.000000  238877552.000000  -142750800.000000  ]
