Test 0: 8
  [-2587844.750000  -34292544.000000  -13498557.000000  6855115.500000  16102667.000000  -7533019.500000  -15833826.000000  612339.937500  31202762.000000  -10300469.000000  ]
