Test 0: 8
  [226.060196  47.915668  -149.940063  -118.959763  -111.316437  -29.468580  39.614582  160.476425  374.196991  -133.051331  ]
