Test 0: 1
  [-1.131277  1.602754  -0.647861  0.765658  -1.154651  0.074669  -0.681433  -0.612733  -1.458772  0.600705  ]
