Test 0: 3
  [-40.071449  578.343994  1040.453857  1473.956665  256.059418  -765.210876  -913.305115  -116.841537  -321.999908  1354.812622  ]
