Test 0: 2
  [140.889359  1002.445251  1264.651489  -816.397644  293.705292  -670.594055  297.184021  225.496964  494.926666  -522.736938  ]
