Test 0: 1
  [2.310551  15.795686  1.500786  -5.356571  2.651451  -2.191647  -1.381756  -0.416989  2.941000  1.956487  ]
