Test 0: 8
  [-52401.132812  735.936768  135.551727  33944.667969  -26186.281250  -37795.621094  -54789.937500  22403.324219  210619.937500  57618.156250  ]
