Test 0: 7
  [-111863.765625  -75466.992188  54577.402344  -4133.829102  36923.757812  -142793.718750  82655.195312  82967.507812  56945.390625  -28232.046875  ]
