Test 0: 2
  [2810.473633  -412.520142  3649.067871  -1712.510010  -6774.757324  -3749.538818  1638.877197  -4964.981445  2777.610596  970.675354  ]
