Test 0: 4
  [16475.703125  -75427.437500  36948.593750  45674.144531  92439.609375  6416.010742  2189.028076  -8842.562500  7769.085938  18219.591797  ]
