Test 0: 1
  [8263.685547  89917.812500  -141839.734375  51271.878906  -116486.218750  806.841797  -32792.546875  -27743.732422  -69438.500000  25518.478516  ]
