Test 0: 3
  [62037.660156  75711.210938  14586.079102  77284.187500  -75418.695312  -34927.820312  52377.648438  -53231.093750  -59702.769531  14060.753906  ]
