Test 0: 0
  [1.000000  1.000000  -1.000000  -1.000000  -1.000000  1.000000  -1.000000  -1.000000  1.000000  1.000000  ]
