Test 0: 5
  [-4732.233887  -20994.658203  -17498.746094  -71686.445312  -25574.099609  107595.570312  7007.097168  20957.072266  56677.660156  11245.924805  ]
