Test 0: 9
  [24.664873  0.287122  15.414970  25.460690  31.302795  -4.347100  -29.296062  -10.788981  -6.894445  34.389305  ]
